<?xml version="1.0" encoding="utf-8"?><testsuites><testsuite name="pytest" errors="0" failures="0" skipped="0" tests="0" time="0.009" timestamp="2023-09-28T15:53:14.929560" hostname="MacBook-Pro.local" /></testsuites>